[0m04:51:56.075729 [debug] [MainThread]: Sending event: {'category': 'dbt', 'action': 'invocation', 'label': 'start', 'context': [<snowplow_tracker.self_describing_json.SelfDescribingJson object at 0x00000211FF4F4AD0>, <snowplow_tracker.self_describing_json.SelfDescribingJson object at 0x000002118063BED0>, <snowplow_tracker.self_describing_json.SelfDescribingJson object at 0x000002118063B9D0>]}


============================== 04:51:56.107203 | c15ca1bc-7c5b-4ff6-87f1-ebb25e04ad4c ==============================
[0m04:51:56.107203 [info ] [MainThread]: Running with dbt=1.10.7
[0m04:51:56.108008 [debug] [MainThread]: running dbt with arguments {'printer_width': '80', 'indirect_selection': 'eager', 'log_cache_events': 'False', 'write_json': 'True', 'partial_parse': 'True', 'cache_selected_only': 'False', 'profiles_dir': 'C:\\Users\\mbaig062\\.dbt', 'debug': 'False', 'fail_fast': 'False', 'log_path': 'logs', 'warn_error': 'None', 'version_check': 'True', 'use_colors': 'True', 'use_experimental_parser': 'False', 'no_print': 'None', 'quiet': 'False', 'empty': 'None', 'log_format': 'default', 'static_parser': 'True', 'invocation_command': 'dbt init demo_dbt', 'warn_error_options': 'WarnErrorOptionsV2(error=[], warn=[], silence=[])', 'target_path': 'None', 'introspect': 'True', 'send_anonymous_usage_stats': 'True'}
[0m04:51:56.133864 [info ] [MainThread]: Creating dbt configuration folder at C:\Users\mbaig062\.dbt
[0m04:51:56.138825 [debug] [MainThread]: Starter project path: C:\Users\mbaig062\dbt-env\Lib\site-packages\dbt\include\starter_project
[0m04:51:56.180774 [info ] [MainThread]: 
Your new dbt project "demo_dbt" was created!

For more information on how to configure the profiles.yml file,
please consult the dbt documentation here:

  https://docs.getdbt.com/docs/configure-your-profile

One more thing:

Need help? Don't hesitate to reach out to us via GitHub issues or on Slack:

  https://community.getdbt.com/

Happy modeling!

[0m04:51:56.182043 [info ] [MainThread]: Setting up your profile.
[0m04:51:56.184683 [error] [MainThread]: Encountered an error:
Runtime Error
  No adapters available. Learn how to install an adapter by going to https://docs.getdbt.com/docs/connect-adapters#install-using-the-cli
[0m04:51:56.187534 [debug] [MainThread]: Command `dbt init` failed at 04:51:56.187149 after 0.72 seconds
[0m04:51:56.188520 [debug] [MainThread]: Sending event: {'category': 'dbt', 'action': 'invocation', 'label': 'end', 'context': [<snowplow_tracker.self_describing_json.SelfDescribingJson object at 0x00000211806D9220>, <snowplow_tracker.self_describing_json.SelfDescribingJson object at 0x0000021180698170>, <snowplow_tracker.self_describing_json.SelfDescribingJson object at 0x000002118059D260>]}
[0m04:51:56.189392 [debug] [MainThread]: Flushing usage events
[0m04:51:57.266099 [debug] [MainThread]: An error was encountered while trying to flush usage events
[0m04:54:56.239442 [debug] [MainThread]: Sending event: {'category': 'dbt', 'action': 'invocation', 'label': 'start', 'context': [<snowplow_tracker.self_describing_json.SelfDescribingJson object at 0x000001C095E281A0>, <snowplow_tracker.self_describing_json.SelfDescribingJson object at 0x000001C096E4BED0>, <snowplow_tracker.self_describing_json.SelfDescribingJson object at 0x000001C096E4BB10>]}


============================== 04:54:56.244924 | d1222369-7268-4c40-a1fe-b5e1198f4c8a ==============================
[0m04:54:56.244924 [info ] [MainThread]: Running with dbt=1.10.7
[0m04:54:56.245557 [debug] [MainThread]: running dbt with arguments {'printer_width': '80', 'indirect_selection': 'eager', 'log_cache_events': 'False', 'write_json': 'True', 'partial_parse': 'True', 'cache_selected_only': 'False', 'profiles_dir': 'C:\\Users\\mbaig062\\.dbt', 'version_check': 'True', 'debug': 'False', 'log_path': 'logs', 'fail_fast': 'False', 'warn_error': 'None', 'use_colors': 'True', 'use_experimental_parser': 'False', 'no_print': 'None', 'quiet': 'False', 'empty': 'None', 'log_format': 'default', 'invocation_command': 'dbt init demo_dbt', 'warn_error_options': 'WarnErrorOptionsV2(error=[], warn=[], silence=[])', 'static_parser': 'True', 'target_path': 'None', 'introspect': 'True', 'send_anonymous_usage_stats': 'True'}
[0m04:54:56.267428 [info ] [MainThread]: A project called demo_dbt already exists here.
[0m04:54:56.268493 [debug] [MainThread]: Command `dbt init` succeeded at 04:54:56.268382 after 0.44 seconds
[0m04:54:56.268783 [debug] [MainThread]: Sending event: {'category': 'dbt', 'action': 'invocation', 'label': 'end', 'context': [<snowplow_tracker.self_describing_json.SelfDescribingJson object at 0x000001C097EA4E90>, <snowplow_tracker.self_describing_json.SelfDescribingJson object at 0x000001C097EBF530>, <snowplow_tracker.self_describing_json.SelfDescribingJson object at 0x000001C096D508D0>]}
[0m04:54:56.269041 [debug] [MainThread]: Flushing usage events
[0m04:54:57.359652 [debug] [MainThread]: An error was encountered while trying to flush usage events
[0m04:58:29.336277 [debug] [MainThread]: Sending event: {'category': 'dbt', 'action': 'invocation', 'label': 'start', 'context': [<snowplow_tracker.self_describing_json.SelfDescribingJson object at 0x00000200AF6081A0>, <snowplow_tracker.self_describing_json.SelfDescribingJson object at 0x00000200B0627ED0>, <snowplow_tracker.self_describing_json.SelfDescribingJson object at 0x00000200B0627B10>]}


============================== 04:58:29.341360 | 03fa503b-8505-4b2b-85a6-6132131b66cd ==============================
[0m04:58:29.341360 [info ] [MainThread]: Running with dbt=1.10.7
[0m04:58:29.341952 [debug] [MainThread]: running dbt with arguments {'printer_width': '80', 'indirect_selection': 'eager', 'log_cache_events': 'False', 'write_json': 'True', 'partial_parse': 'True', 'cache_selected_only': 'False', 'warn_error': 'None', 'debug': 'False', 'version_check': 'True', 'log_path': 'logs', 'fail_fast': 'False', 'profiles_dir': 'C:\\Users\\mbaig062\\.dbt', 'use_colors': 'True', 'use_experimental_parser': 'False', 'empty': 'None', 'quiet': 'False', 'no_print': 'None', 'warn_error_options': 'WarnErrorOptionsV2(error=[], warn=[], silence=[])', 'static_parser': 'True', 'introspect': 'True', 'log_format': 'default', 'target_path': 'None', 'invocation_command': 'dbt init demo_dbt', 'send_anonymous_usage_stats': 'True'}
[0m04:58:29.365097 [debug] [MainThread]: Starter project path: C:\Users\mbaig062\dbt-env\Lib\site-packages\dbt\include\starter_project
[0m04:58:29.382524 [info ] [MainThread]: 
Your new dbt project "demo_dbt" was created!

For more information on how to configure the profiles.yml file,
please consult the dbt documentation here:

  https://docs.getdbt.com/docs/configure-your-profile

One more thing:

Need help? Don't hesitate to reach out to us via GitHub issues or on Slack:

  https://community.getdbt.com/

Happy modeling!

[0m04:58:29.383070 [info ] [MainThread]: Setting up your profile.
[0m05:07:00.501817 [info ] [MainThread]: Profile demo_dbt written to C:\Users\mbaig062\.dbt\profiles.yml using target's profile_template.yml and your supplied values. Run 'dbt debug' to validate the connection.
[0m05:07:00.505789 [debug] [MainThread]: Command `dbt init` succeeded at 05:07:00.505353 after 511.56 seconds
[0m05:07:00.506762 [debug] [MainThread]: Sending event: {'category': 'dbt', 'action': 'invocation', 'label': 'end', 'context': [<snowplow_tracker.self_describing_json.SelfDescribingJson object at 0x00000200B23123F0>, <snowplow_tracker.self_describing_json.SelfDescribingJson object at 0x00000200B194B890>, <snowplow_tracker.self_describing_json.SelfDescribingJson object at 0x00000200B23549E0>]}
[0m05:07:00.507697 [debug] [MainThread]: Flushing usage events
[0m05:07:02.456695 [debug] [MainThread]: An error was encountered while trying to flush usage events
